
Discarded input sections

 .group         0x0000000000000000        0xc build/src/briey_main.o
 .group         0x0000000000000000        0xc build/src/briey_main.o
 .group         0x0000000000000000        0xc build/src/briey_main.o
 .group         0x0000000000000000        0xc build/src/briey_main.o
 .group         0x0000000000000000        0xc build/src/briey_main.o
 .group         0x0000000000000000        0xc build/src/briey_main.o
 .group         0x0000000000000000        0xc build/src/briey_main.o
 .group         0x0000000000000000        0xc build/src/briey_main.o
 .group         0x0000000000000000        0xc build/src/briey_main.o
 .group         0x0000000000000000        0xc build/src/briey_main.o
 .group         0x0000000000000000        0xc build/src/briey_main.o
 .group         0x0000000000000000        0xc build/src/briey_main.o
 .group         0x0000000000000000        0xc build/src/briey_main.o
 .group         0x0000000000000000        0xc build/src/briey_main.o
 .group         0x0000000000000000        0xc build/src/briey_main.o
 .group         0x0000000000000000        0xc build/src/briey_main.o
 .group         0x0000000000000000        0xc build/src/briey_main.o
 .group         0x0000000000000000        0xc build/src/briey_main.o
 .group         0x0000000000000000        0xc build/src/briey_main.o
 .group         0x0000000000000000        0xc build/src/briey_main.o
 .group         0x0000000000000000        0xc build/src/briey_main.o
 .group         0x0000000000000000        0xc build/src/briey_main.o
 .group         0x0000000000000000        0xc build/src/briey_main.o
 .group         0x0000000000000000        0xc build/src/briey_main.o
 .group         0x0000000000000000        0xc build/src/briey_main.o
 .group         0x0000000000000000        0xc build/src/briey_main.o
 .group         0x0000000000000000        0xc build/src/briey_main.o
 .group         0x0000000000000000        0xc build/src/briey_main.o
 .group         0x0000000000000000        0xc build/src/briey_main.o
 .group         0x0000000000000000        0xc build/src/briey_main.o
 .group         0x0000000000000000        0xc build/src/briey_main.o
 .group         0x0000000000000000        0xc build/src/briey_main.o
 .group         0x0000000000000000        0xc build/src/briey_main.o
 .group         0x0000000000000000        0xc build/src/briey_main.o
 .group         0x0000000000000000        0xc build/src/briey_main.o
 .group         0x0000000000000000        0xc build/src/briey_main.o
 .group         0x0000000000000000        0xc build/src/briey_main.o
 .group         0x0000000000000000        0xc build/src/briey_main.o
 .group         0x0000000000000000        0xc build/src/briey_main.o
 .group         0x0000000000000000        0xc build/src/briey_main.o
 .group         0x0000000000000000        0xc build/src/briey_main.o
 .group         0x0000000000000000        0xc build/src/briey_main.o

Memory Configuration

Name             Origin             Length             Attributes
onChipRam        0x0000000080000000 0x0000000000001000 w !xr
sdram            0x0000000040000000 0x0000000004000000 w !xr
*default*        0x0000000000000000 0xffffffffffffffff

Linker script and memory map

LOAD build/src/briey_main.o
LOAD build/src/briey_crt.o
LOAD /opt/riscv/bin/../lib/gcc/riscv64-unknown-elf/10.2.0/libgcc.a
                0x0000000000000800                _stack_size = 0x800
                0x0000000000000000                _heap_size = 0x0

.vector         0x0000000080000000      0x138
 *crt.o(.text)
 .text          0x0000000080000000      0x138 build/src/briey_crt.o
                0x0000000080000000                crtStart
                0x0000000080000020                trap_entry

.memory         0x0000000040000000      0x5c8
 *(.text)
 .text          0x0000000040000000      0x5c8 build/src/briey_main.o
                0x000000004000023c                gpio_write
                0x00000000400002a0                gpio_read
                0x0000000040000304                freeTime
                0x0000000040000344                print
                0x000000004000039c                main
                0x00000000400005ac                irqCallback
                0x00000000400005c8                end = .

.rodata         0x00000000400005c8      0x12c
 *(.rdata)
 *(.rodata .rodata.*)
 .rodata        0x00000000400005c8      0x12c build/src/briey_main.o
 *(.gnu.linkonce.r.*)

.rela.dyn       0x00000000400006f4        0x0
 .rela.text     0x00000000400006f4        0x0 build/src/briey_main.o

.ctors          0x00000000400006f4        0x0
                0x00000000400006f4                . = ALIGN (0x4)
                0x00000000400006f4                _ctors_start = .
 *(.init_array*)
 *(SORT_BY_NAME(.ctors.*))
 *(.ctors)
                0x00000000400006f4                . = ALIGN (0x4)
                0x00000000400006f4                _ctors_end = .

.data           0x00000000400006f4        0x4
 *(.rdata)
 *(.rodata .rodata.*)
 *(.gnu.linkonce.r.*)
 *(.data .data.*)
 .data          0x00000000400006f4        0x0 build/src/briey_main.o
 .data          0x00000000400006f4        0x0 build/src/briey_crt.o
 *(.gnu.linkonce.d.*)
                0x00000000400006f8                . = ALIGN (0x8)
 *fill*         0x00000000400006f4        0x4 
                0x0000000040000ef8                PROVIDE (__global_pointer$ = (. + 0x800))
 *(.sdata .sdata.*)
 *(.gnu.linkonce.s.*)
                0x00000000400006f8                . = ALIGN (0x8)
 *(.srodata.cst16)
 *(.srodata.cst8)
 *(.srodata.cst4)
 *(.srodata.cst2)
 *(.srodata .srodata.*)

.bss            0x00000000400006f8        0x8
                0x00000000400006f8                . = ALIGN (0x4)
                0x00000000400006f8                _bss_start = .
 *(.sbss*)
 .sbss          0x00000000400006f8        0x8 build/src/briey_main.o
                0x00000000400006f8                data
                0x00000000400006fc                address
 *(.gnu.linkonce.sb.*)
 *(.bss .bss.*)
 .bss           0x0000000040000700        0x0 build/src/briey_main.o
 .bss           0x0000000040000700        0x0 build/src/briey_crt.o
 *(.gnu.linkonce.b.*)
 *(COMMON)
                0x0000000040000700                . = ALIGN (0x4)
                0x0000000040000700                _bss_end = .

.noinit         0x0000000040000700        0x0
                0x0000000040000700                . = ALIGN (0x4)
 *(.noinit .noinit.*)
                0x0000000040000700                . = ALIGN (0x4)

._user_heap     0x0000000040000700        0x0
                0x0000000040000700                . = ALIGN (0x8)
                [!provide]                        PROVIDE (end = .)
                [!provide]                        PROVIDE (_end = .)
                [!provide]                        PROVIDE (_heap_start = .)
                0x0000000040000700                . = (. + _heap_size)
                0x0000000040000700                . = ALIGN (0x8)
                [!provide]                        PROVIDE (_heap_end = .)

._stack         0x0000000080000138      0x808
                0x0000000080000140                . = ALIGN (0x10)
 *fill*         0x0000000080000138        0x8 
                [!provide]                        PROVIDE (_stack_end = .)
                0x0000000080000940                . = (. + _stack_size)
 *fill*         0x0000000080000140      0x800 
                0x0000000080000940                . = ALIGN (0x10)
                0x0000000080000940                PROVIDE (_stack_start = .)
OUTPUT(build/briey.elf elf32-littleriscv)

.debug_info     0x0000000000000000      0x676
 .debug_info    0x0000000000000000      0x650 build/src/briey_main.o
 .debug_info    0x0000000000000650       0x26 build/src/briey_crt.o

.debug_abbrev   0x0000000000000000      0x209
 .debug_abbrev  0x0000000000000000      0x1f5 build/src/briey_main.o
 .debug_abbrev  0x00000000000001f5       0x14 build/src/briey_crt.o

.debug_aranges  0x0000000000000000       0x40
 .debug_aranges
                0x0000000000000000       0x20 build/src/briey_main.o
 .debug_aranges
                0x0000000000000020       0x20 build/src/briey_crt.o

.debug_macro    0x0000000000000000     0x1d81
 .debug_macro   0x0000000000000000      0x2a7 build/src/briey_main.o
 .debug_macro   0x00000000000002a7      0x766 build/src/briey_main.o
 .debug_macro   0x0000000000000a0d       0x22 build/src/briey_main.o
 .debug_macro   0x0000000000000a2f       0x52 build/src/briey_main.o
 .debug_macro   0x0000000000000a81       0x19 build/src/briey_main.o
 .debug_macro   0x0000000000000a9a       0x94 build/src/briey_main.o
 .debug_macro   0x0000000000000b2e       0x34 build/src/briey_main.o
 .debug_macro   0x0000000000000b62       0x34 build/src/briey_main.o
 .debug_macro   0x0000000000000b96       0x16 build/src/briey_main.o
 .debug_macro   0x0000000000000bac       0x57 build/src/briey_main.o
 .debug_macro   0x0000000000000c03       0x97 build/src/briey_main.o
 .debug_macro   0x0000000000000c9a      0x341 build/src/briey_main.o
 .debug_macro   0x0000000000000fdb       0xfd build/src/briey_main.o
 .debug_macro   0x00000000000010d8       0x10 build/src/briey_main.o
 .debug_macro   0x00000000000010e8       0x16 build/src/briey_main.o
 .debug_macro   0x00000000000010fe       0x43 build/src/briey_main.o
 .debug_macro   0x0000000000001141       0x34 build/src/briey_main.o
 .debug_macro   0x0000000000001175       0x10 build/src/briey_main.o
 .debug_macro   0x0000000000001185       0x52 build/src/briey_main.o
 .debug_macro   0x00000000000011d7      0x182 build/src/briey_main.o
 .debug_macro   0x0000000000001359       0x10 build/src/briey_main.o
 .debug_macro   0x0000000000001369       0x6a build/src/briey_main.o
 .debug_macro   0x00000000000013d3       0x1c build/src/briey_main.o
 .debug_macro   0x00000000000013ef       0x52 build/src/briey_main.o
 .debug_macro   0x0000000000001441       0x22 build/src/briey_main.o
 .debug_macro   0x0000000000001463       0x10 build/src/briey_main.o
 .debug_macro   0x0000000000001473       0x52 build/src/briey_main.o
 .debug_macro   0x00000000000014c5       0xd5 build/src/briey_main.o
 .debug_macro   0x000000000000159a       0x1c build/src/briey_main.o
 .debug_macro   0x00000000000015b6       0x3d build/src/briey_main.o
 .debug_macro   0x00000000000015f3       0x16 build/src/briey_main.o
 .debug_macro   0x0000000000001609      0x16f build/src/briey_main.o
 .debug_macro   0x0000000000001778       0x16 build/src/briey_main.o
 .debug_macro   0x000000000000178e       0x35 build/src/briey_main.o
 .debug_macro   0x00000000000017c3      0x103 build/src/briey_main.o
 .debug_macro   0x00000000000018c6      0x1df build/src/briey_main.o
 .debug_macro   0x0000000000001aa5       0x16 build/src/briey_main.o
 .debug_macro   0x0000000000001abb       0x16 build/src/briey_main.o
 .debug_macro   0x0000000000001ad1       0x29 build/src/briey_main.o
 .debug_macro   0x0000000000001afa       0x70 build/src/briey_main.o
 .debug_macro   0x0000000000001b6a      0x1b5 build/src/briey_main.o
 .debug_macro   0x0000000000001d1f       0x46 build/src/briey_main.o
 .debug_macro   0x0000000000001d65       0x1c build/src/briey_main.o

.debug_line     0x0000000000000000      0xab1
 .debug_line    0x0000000000000000      0x8db build/src/briey_main.o
 .debug_line    0x00000000000008db      0x1d6 build/src/briey_crt.o

.debug_str      0x0000000000000000     0x82e5
 .debug_str     0x0000000000000000     0x82c9 build/src/briey_main.o
                                       0x84bd (size before relaxing)
 .debug_str     0x00000000000082c9       0x1c build/src/briey_crt.o
                                         0x41 (size before relaxing)

.comment        0x0000000000000000       0x30
 .comment       0x0000000000000000       0x30 build/src/briey_main.o
                                         0x31 (size before relaxing)

.riscv.attributes
                0x0000000000000000       0x25
 .riscv.attributes
                0x0000000000000000       0x21 build/src/briey_main.o
 .riscv.attributes
                0x0000000000000021       0x23 build/src/briey_crt.o

.debug_frame    0x0000000000000000      0x260
 .debug_frame   0x0000000000000000      0x260 build/src/briey_main.o
